  File "D:\Ashwanth S\data\school\VIT\Year 3\Sem 5\database systems\special project\.venv\Lib\site-packages\joblib\externals\loky\backend\context.py", line 257, in _count_physical_cores
    cpu_info = subprocess.run(
               ^^^^^^^^^^^^^^^
  File "C:\Users\ashwa\anaconda3\Lib\subprocess.py", line 548, in run
    with Popen(*popenargs, **kwargs) as process:
         ^^^^^^^^^^^^^^^^^^^^^^^^^^^
  File "C:\Users\ashwa\anaconda3\Lib\subprocess.py", line 1026, in __init__
    self._execute_child(args, executable, preexec_fn, close_fds,
  File "C:\Users\ashwa\anaconda3\Lib\subprocess.py", line 1538, in _execute_child
    hp, ht, pid, tid = _winapi.CreateProcess(executable, args,
                       ^^^^^^^^^^^^^^^^^^^^^^^^^^^^^^^^^^^^^^^
BPI Challenge 2017, Dutch financial institute loan applications: 31509 cases, 1202267 events
  cases with a decision point: 31509 of 31509
  right-censoring guard [p95]: dropped 823 of 31509 (2.61%), threshold rule alone would drop 532
  breach rate: 0.0931  strata: 14
  admissible 12, contaminated 17, groups 120

contaminated (19 features)
  XGBoost       AUC 0.8962  F1 0.4975  Acc 0.8703
  LightGBM      AUC 0.8960  F1 0.4863  Acc 0.8531
  CatBoost      AUC 0.8988  F1 0.4666  Acc 0.8309
  RandomForest  AUC 0.8854  F1 0.4901  Acc 0.8990

admissible (12 features)
  XGBoost       AUC 0.6664  F1 0.2617  Acc 0.8002
  LightGBM      AUC 0.6695  F1 0.2608  Acc 0.7801
  CatBoost      AUC 0.6783  F1 0.2701  Acc 0.7663
  RandomForest  AUC 0.6573  F1 0.2423  Acc 0.8607

chronological (12 features)
  XGBoost       AUC 0.6385  F1 0.1684  Acc 0.8954
  LightGBM      AUC 0.6561  F1 0.2555  Acc 0.8728
  CatBoost      AUC 0.6516  F1 0.2590  Acc 0.8527
  RandomForest  AUC 0.6332  F1 0.1984  Acc 0.9039

==================================================================
Config        admissible  chronological  contaminated    cost  share_of_signal_pct
Model                                                                             
CatBoost          0.6783         0.6516        0.8988  0.2204              55.2820
LightGBM          0.6695         0.6561        0.8960  0.2264              57.1849
RandomForest      0.6573         0.6332        0.8854  0.2282              59.1974
XGBoost           0.6664         0.6385        0.8962  0.2298              57.9945

written to results_bpic2017/
