Loading BPI 2014 replay ...
D:\Ashwanth S\data\school\VIT\Year 3\Sem 5\database systems\special project\code\phase4\sim\replay.py:78: DtypeWarning: Columns (7) have mixed types. Specify dtype option on import or set low_memory=False.
  inc = pd.read_csv(d / "Detail_Incident.csv", sep=";", encoding="latin1")
  39,449 incidents, 87 groups, 61 specialisations
Training lead-level models on the first 80% of the timeline:
  P(SLA breach)                holdout AUC = 0.7879
  P(reassigned)                holdout AUC = 0.8187
  2 arrival batches of 40 leads

  batch 0 reference point fixed across all variants: [-0.355  0.557  1.929 -0.118  1.15 ]
  batch 0 StandardNSGA2    done (77s elapsed)
  batch 0 NSGA3            done (77s elapsed)
  batch 0 PAA-NSGA-II      done (77s elapsed)
  batch 0 PAA-noPriority   done (77s elapsed)
  batch 0 PAA-noAdaptive   done (77s elapsed)
  batch 0 PAA-noSLAMut     done (77s elapsed)
  batch 0 PAA-AdaptMut     done (77s elapsed)
  batch 0 NSGA3-PrioInit   done (77s elapsed)
  batch 1 reference point fixed across all variants: [-0.329  0.623  2.014 -0.137  0.973]
  batch 1 StandardNSGA2    done (152s elapsed)
  batch 1 NSGA3            done (152s elapsed)
  batch 1 PAA-NSGA-II      done (152s elapsed)
  batch 1 PAA-noPriority   done (152s elapsed)
  batch 1 PAA-noAdaptive   done (152s elapsed)
  batch 1 PAA-noSLAMut     done (152s elapsed)
  batch 1 PAA-AdaptMut     done (152s elapsed)
  batch 1 NSGA3-PrioInit   done (152s elapsed)

======================================================================================================================
  SUMMARY  (f1 and f4 higher is better; f2, f3, delay lower is better)
======================================================================================================================
                   f1_ftr  f2_breach  f3_workload_sd  f4_expertise  delay_hours  hypervolume  matched_fraction  matched_real_breach_rate  capacity_violation
policy                                                                                                                                                      
Random             0.4946     0.4405          0.8137        0.3528       2.2937          NaN            0.0125                    1.0000                 0.0
RoundRobin         0.4622     0.4539          1.2105        0.3622       1.3777          NaN            0.0250                    1.0000                 0.0
FIFO               0.4345     0.5440          2.4626        0.3579       8.0490          NaN            0.0500                    0.3333                 0.0
LeastLoaded        0.4531     0.4626          0.4984        0.3857       1.2084          NaN            0.0500                    0.5000                 0.0
GreedyBestOutcome  0.7123     0.3178          1.5022        0.6939       3.6042          NaN            0.1000                    0.5000                 0.0
StandardNSGA2      0.6292     0.3406          1.0534        0.7081       0.8993       0.0539            0.0925                    0.5938                 0.0
NSGA3              0.6611     0.3023          0.9871        0.7540       0.4381       0.0650            0.1600                    0.6452                 0.0
PAA-NSGA-II        0.6422     0.3310          1.2561        0.7663       0.9932       0.0559            0.1000                    0.5824                 0.0
PAA-noPriority     0.6221     0.3308          1.0553        0.6141       1.1275       0.0464            0.0838                    0.6160                 0.0
PAA-noAdaptive     0.6518     0.3212          1.2706        0.7544       0.6955       0.0576            0.0863                    0.6439                 0.0
PAA-noSLAMut       0.6395     0.3270          1.1967        0.7172       0.9629       0.0569            0.1025                    0.5573                 0.0
PAA-AdaptMut       0.6456     0.3418          1.2313        0.7569       0.8064       0.0571            0.0950                    0.5527                 0.0
NSGA3-PrioInit     0.6742     0.3132          1.1811        0.8041       0.5374       0.0657            0.1500                    0.6183                 0.0

======================================================================================================================
  PAA-NSGA-II vs StandardNSGA2, paired Wilcoxon signed-rank
======================================================================================================================
  hypervolume        mean diff +0.00209  p=0.02148  n=20  -> PAA better
  f2_breach          mean diff -0.00953  p=0.2611  n=20  -> PAA better
  f1_ftr             mean diff +0.01297  p=0.03999  n=20  -> PAA better
  f3_workload_sd     mean diff +0.20273  p=0.0003948  n=20  -> Standard better
  f4_expertise       mean diff +0.05817  p=0.01923  n=20  -> PAA better

  Holm-Bonferroni corrected at alpha=0.05:
    f3_workload_sd     p=0.0003948  threshold=0.01  SIGNIFICANT
    f4_expertise       p=0.01923  threshold=0.0125  not significant
    hypervolume        p=0.02148  threshold=0.01667  not significant
    f1_ftr             p=0.03999  threshold=0.025  not significant
    f2_breach          p=0.2611  threshold=0.05  not significant

Total wall time 152s
Wrote results to D:\Ashwanth S\data\school\VIT\Year 3\Sem 5\database systems\special project\code\phase4\results
